02-May-2026 17:03:20.581 INFO [main] org.apache.catalina.startup.VersionLoggerListener.log Server version name:   Apache Tomcat/9.0.113
02-May-2026 17:03:20.584 INFO [main] org.apache.catalina.startup.VersionLoggerListener.log Server built:          Dec 2 2025 19:51:24 UTC
02-May-2026 17:03:20.585 INFO [main] org.apache.catalina.startup.VersionLoggerListener.log Server version number: 9.0.113.0
02-May-2026 17:03:20.585 INFO [main] org.apache.catalina.startup.VersionLoggerListener.log OS Name:               Windows 11
02-May-2026 17:03:20.585 INFO [main] org.apache.catalina.startup.VersionLoggerListener.log OS Version:            10.0
02-May-2026 17:03:20.585 INFO [main] org.apache.catalina.startup.VersionLoggerListener.log Architecture:          amd64
02-May-2026 17:03:20.585 INFO [main] org.apache.catalina.startup.VersionLoggerListener.log Java Home:             C:\Users\pc\.jdks\corretto-1.8.0_482\jre
02-May-2026 17:03:20.585 INFO [main] org.apache.catalina.startup.VersionLoggerListener.log JVM Version:           1.8.0_482-b08
02-May-2026 17:03:20.585 INFO [main] org.apache.catalina.startup.VersionLoggerListener.log JVM Vendor:            Amazon.com Inc.
02-May-2026 17:03:20.585 INFO [main] org.apache.catalina.startup.VersionLoggerListener.log CATALINA_BASE:         C:\Users\pc\IdeaProjects\course\full-stack-bootcamp-spring-angular-weekly-tasks-OlaGhoneim\SpringSecurityDemo
02-May-2026 17:03:20.585 INFO [main] org.apache.catalina.startup.VersionLoggerListener.log CATALINA_HOME:         C:\Users\pc\Downloads\apache-tomcat-9.0.113-windows-x64\apache-tomcat-9.0.113
02-May-2026 17:03:20.587 INFO [main] org.apache.catalina.startup.VersionLoggerListener.log Command line argument: -Dcatalina.home=C:\Users\pc\Downloads\apache-tomcat-9.0.113-windows-x64\apache-tomcat-9.0.113
02-May-2026 17:03:20.587 INFO [main] org.apache.catalina.startup.VersionLoggerListener.log Command line argument: -Dcatalina.base=C:\Users\pc\IdeaProjects\course\full-stack-bootcamp-spring-angular-weekly-tasks-OlaGhoneim\SpringSecurityDemo
02-May-2026 17:03:20.587 INFO [main] org.apache.catalina.startup.VersionLoggerListener.log Command line argument: -Djava.io.tmpdir=C:\Users\pc\IdeaProjects\course\full-stack-bootcamp-spring-angular-weekly-tasks-OlaGhoneim\SpringSecurityDemo\temp
02-May-2026 17:03:20.587 INFO [main] org.apache.catalina.startup.VersionLoggerListener.log Command line argument: -Djava.util.logging.config.file=C:\Users\pc\IdeaProjects\course\full-stack-bootcamp-spring-angular-weekly-tasks-OlaGhoneim\SpringSecurityDemo\conf\logging.properties
02-May-2026 17:03:20.587 INFO [main] org.apache.catalina.startup.VersionLoggerListener.log Command line argument: -Djava.util.logging.manager=org.apache.juli.ClassLoaderLogManager
02-May-2026 17:03:20.587 INFO [main] org.apache.catalina.startup.VersionLoggerListener.log Command line argument: -javaagent:C:\Program Files\JetBrains\IntelliJ IDEA 2024.3.3\lib\idea_rt.jar=61186:C:\Program Files\JetBrains\IntelliJ IDEA 2024.3.3\bin
02-May-2026 17:03:20.587 INFO [main] org.apache.catalina.startup.VersionLoggerListener.log Command line argument: -Dfile.encoding=UTF-8
02-May-2026 17:03:21.574 INFO [main] org.apache.catalina.core.AprLifecycleListener.lifecycleEvent Loaded Apache Tomcat Native library [1.3.1] using APR version [1.7.4].
02-May-2026 17:03:21.574 INFO [main] org.apache.catalina.core.AprLifecycleListener.lifecycleEvent APR capabilities: IPv6 [true], sendfile [true], accept filters [false], random [true], UDS [true].
02-May-2026 17:03:21.574 INFO [main] org.apache.catalina.core.AprLifecycleListener.lifecycleEvent APR/OpenSSL configuration: useAprConnector [false], useOpenSSL [true]
02-May-2026 17:03:21.579 INFO [main] org.apache.catalina.core.AprLifecycleListener.initializeSSL OpenSSL successfully initialized [OpenSSL 3.0.14 4 Jun 2024]
02-May-2026 17:03:22.143 INFO [main] org.apache.coyote.AbstractProtocol.init Initializing ProtocolHandler ["http-nio-8080"]
02-May-2026 17:03:22.176 INFO [main] org.apache.catalina.startup.Catalina.load Server initialization in [2051] milliseconds
02-May-2026 17:03:22.348 INFO [main] org.apache.catalina.core.StandardService.startInternal Starting service [Catalina]
02-May-2026 17:03:22.348 INFO [main] org.apache.catalina.core.StandardEngine.startInternal Starting Servlet engine: [Apache Tomcat/9.0.113]
02-May-2026 17:03:22.386 INFO [main] org.apache.catalina.startup.HostConfig.deployDescriptor Deploying deployment descriptor [C:\Users\pc\IdeaProjects\course\full-stack-bootcamp-spring-angular-weekly-tasks-OlaGhoneim\SpringSecurityDemo\conf\Catalina\localhost\ROOT.xml]
02-May-2026 17:03:22.590 WARNING [main] org.apache.catalina.webresources.DirResourceSet.initInternal Disabled the global canonical file name cache to protect against CVE-2024-56337 when starting the WebResourceSet at [C:\Users\pc\Downloads\LoginApp\out\production\LoginApp] which is part of the web application []
02-May-2026 17:03:28.722 INFO [main] org.apache.jasper.servlet.TldScanner.scanJars At least one JAR was scanned for TLDs yet contained no TLDs. Enable debug logging for this logger for a complete list of JARs that were scanned but no TLDs were found in them. Skipping unneeded JARs during scanning can improve startup time and JSP compilation time.
02-May-2026 17:03:28.990 WARNING [main] org.apache.catalina.util.SessionIdGeneratorBase.createSecureRandom Creation of SecureRandom instance for session ID generation using [SHA1PRNG] took [223] milliseconds.
02-May-2026 17:03:29.001 INFO [main] org.apache.catalina.startup.HostConfig.deployDescriptor Deployment of deployment descriptor [C:\Users\pc\IdeaProjects\course\full-stack-bootcamp-spring-angular-weekly-tasks-OlaGhoneim\SpringSecurityDemo\conf\Catalina\localhost\ROOT.xml] has finished in [6,615] ms
02-May-2026 17:03:29.003 INFO [main] org.apache.catalina.startup.HostConfig.deployDescriptor Deploying deployment descriptor [C:\Users\pc\IdeaProjects\course\full-stack-bootcamp-spring-angular-weekly-tasks-OlaGhoneim\SpringSecurityDemo\conf\Catalina\localhost\SpringSecurityDemo.xml]
02-May-2026 17:03:30.061 INFO [main] org.apache.jasper.servlet.TldScanner.scanJars At least one JAR was scanned for TLDs yet contained no TLDs. Enable debug logging for this logger for a complete list of JARs that were scanned but no TLDs were found in them. Skipping unneeded JARs during scanning can improve startup time and JSP compilation time.
02-May-2026 17:03:30.216 INFO [main] org.springframework.web.servlet.FrameworkServlet.initServletBean Initializing Servlet 'dispatcher'
02-May-2026 17:03:31.211 INFO [main] org.springframework.security.web.DefaultSecurityFilterChain.<init> Will secure any request with [org.springframework.security.web.session.DisableEncodeUrlFilter@33ef701e, org.springframework.security.web.context.request.async.WebAsyncManagerIntegrationFilter@1fd1deed, org.springframework.security.web.context.SecurityContextPersistenceFilter@4afdcdf6, org.springframework.security.web.header.HeaderWriterFilter@47c14360, org.springframework.security.web.csrf.CsrfFilter@f507d33, org.springframework.security.web.authentication.logout.LogoutFilter@22b8eaf0, org.springframework.security.web.savedrequest.RequestCacheAwareFilter@48028e11, org.springframework.security.web.servletapi.SecurityContextHolderAwareRequestFilter@943184c, org.springframework.security.web.authentication.AnonymousAuthenticationFilter@814b60b, org.springframework.security.web.session.SessionManagementFilter@547d3e8e, org.springframework.security.web.access.ExceptionTranslationFilter@26ab3c1b, org.springframework.security.web.access.intercept.FilterSecurityInterceptor@284e68ae]
02-May-2026 17:03:31.545 INFO [main] org.springframework.web.servlet.FrameworkServlet.initServletBean Completed initialization in 1329 ms
02-May-2026 17:03:31.547 INFO [main] org.apache.catalina.startup.HostConfig.deployDescriptor Deployment of deployment descriptor [C:\Users\pc\IdeaProjects\course\full-stack-bootcamp-spring-angular-weekly-tasks-OlaGhoneim\SpringSecurityDemo\conf\Catalina\localhost\SpringSecurityDemo.xml] has finished in [2,544] ms
02-May-2026 17:03:31.549 INFO [main] org.apache.coyote.AbstractProtocol.start Starting ProtocolHandler ["http-nio-8080"]
02-May-2026 17:03:31.566 INFO [main] org.apache.catalina.startup.Catalina.start Server startup in [9389] milliseconds
02-May-2026 17:03:42.628 WARNING [http-nio-8080-exec-7] org.springframework.web.servlet.DispatcherServlet.noHandlerFound No mapping for GET /SpringSecurityDemo/home
02-May-2026 17:04:55.280 INFO [Thread-2] org.apache.coyote.AbstractProtocol.pause Pausing ProtocolHandler ["http-nio-8080"]
02-May-2026 17:04:55.538 INFO [Thread-2] org.apache.catalina.core.StandardService.stopInternal Stopping service [Catalina]
02-May-2026 17:04:55.563 INFO [Thread-2] org.apache.coyote.AbstractProtocol.stop Stopping ProtocolHandler ["http-nio-8080"]
02-May-2026 17:04:55.570 INFO [Thread-2] org.apache.coyote.AbstractProtocol.destroy Destroying ProtocolHandler ["http-nio-8080"]
02-May-2026 17:05:36.371 INFO [main] org.apache.catalina.startup.VersionLoggerListener.log Server version name:   Apache Tomcat/9.0.113
02-May-2026 17:05:36.374 INFO [main] org.apache.catalina.startup.VersionLoggerListener.log Server built:          Dec 2 2025 19:51:24 UTC
02-May-2026 17:05:36.374 INFO [main] org.apache.catalina.startup.VersionLoggerListener.log Server version number: 9.0.113.0
02-May-2026 17:05:36.374 INFO [main] org.apache.catalina.startup.VersionLoggerListener.log OS Name:               Windows 11
02-May-2026 17:05:36.374 INFO [main] org.apache.catalina.startup.VersionLoggerListener.log OS Version:            10.0
02-May-2026 17:05:36.374 INFO [main] org.apache.catalina.startup.VersionLoggerListener.log Architecture:          amd64
02-May-2026 17:05:36.374 INFO [main] org.apache.catalina.startup.VersionLoggerListener.log Java Home:             C:\Users\pc\.jdks\corretto-1.8.0_482\jre
02-May-2026 17:05:36.374 INFO [main] org.apache.catalina.startup.VersionLoggerListener.log JVM Version:           1.8.0_482-b08
02-May-2026 17:05:36.374 INFO [main] org.apache.catalina.startup.VersionLoggerListener.log JVM Vendor:            Amazon.com Inc.
02-May-2026 17:05:36.374 INFO [main] org.apache.catalina.startup.VersionLoggerListener.log CATALINA_BASE:         C:\Users\pc\IdeaProjects\course\full-stack-bootcamp-spring-angular-weekly-tasks-OlaGhoneim\SpringSecurityDemo
02-May-2026 17:05:36.374 INFO [main] org.apache.catalina.startup.VersionLoggerListener.log CATALINA_HOME:         C:\Users\pc\Downloads\apache-tomcat-9.0.113-windows-x64\apache-tomcat-9.0.113
02-May-2026 17:05:36.376 INFO [main] org.apache.catalina.startup.VersionLoggerListener.log Command line argument: -Dcatalina.home=C:\Users\pc\Downloads\apache-tomcat-9.0.113-windows-x64\apache-tomcat-9.0.113
02-May-2026 17:05:36.376 INFO [main] org.apache.catalina.startup.VersionLoggerListener.log Command line argument: -Dcatalina.base=C:\Users\pc\IdeaProjects\course\full-stack-bootcamp-spring-angular-weekly-tasks-OlaGhoneim\SpringSecurityDemo
02-May-2026 17:05:36.376 INFO [main] org.apache.catalina.startup.VersionLoggerListener.log Command line argument: -Djava.io.tmpdir=C:\Users\pc\IdeaProjects\course\full-stack-bootcamp-spring-angular-weekly-tasks-OlaGhoneim\SpringSecurityDemo\temp
02-May-2026 17:05:36.376 INFO [main] org.apache.catalina.startup.VersionLoggerListener.log Command line argument: -Djava.util.logging.config.file=C:\Users\pc\IdeaProjects\course\full-stack-bootcamp-spring-angular-weekly-tasks-OlaGhoneim\SpringSecurityDemo\conf\logging.properties
02-May-2026 17:05:36.376 INFO [main] org.apache.catalina.startup.VersionLoggerListener.log Command line argument: -Djava.util.logging.manager=org.apache.juli.ClassLoaderLogManager
02-May-2026 17:05:36.376 INFO [main] org.apache.catalina.startup.VersionLoggerListener.log Command line argument: -javaagent:C:\Program Files\JetBrains\IntelliJ IDEA 2024.3.3\lib\idea_rt.jar=50279:C:\Program Files\JetBrains\IntelliJ IDEA 2024.3.3\bin
02-May-2026 17:05:36.376 INFO [main] org.apache.catalina.startup.VersionLoggerListener.log Command line argument: -Dfile.encoding=UTF-8
02-May-2026 17:05:36.378 INFO [main] org.apache.catalina.core.AprLifecycleListener.lifecycleEvent Loaded Apache Tomcat Native library [1.3.1] using APR version [1.7.4].
02-May-2026 17:05:36.378 INFO [main] org.apache.catalina.core.AprLifecycleListener.lifecycleEvent APR capabilities: IPv6 [true], sendfile [true], accept filters [false], random [true], UDS [true].
02-May-2026 17:05:36.378 INFO [main] org.apache.catalina.core.AprLifecycleListener.lifecycleEvent APR/OpenSSL configuration: useAprConnector [false], useOpenSSL [true]
02-May-2026 17:05:36.382 INFO [main] org.apache.catalina.core.AprLifecycleListener.initializeSSL OpenSSL successfully initialized [OpenSSL 3.0.14 4 Jun 2024]
02-May-2026 17:05:36.547 INFO [main] org.apache.coyote.AbstractProtocol.init Initializing ProtocolHandler ["http-nio-8080"]
02-May-2026 17:05:36.557 INFO [main] org.apache.catalina.startup.Catalina.load Server initialization in [317] milliseconds
02-May-2026 17:05:36.577 INFO [main] org.apache.catalina.core.StandardService.startInternal Starting service [Catalina]
02-May-2026 17:05:36.577 INFO [main] org.apache.catalina.core.StandardEngine.startInternal Starting Servlet engine: [Apache Tomcat/9.0.113]
02-May-2026 17:05:36.583 INFO [main] org.apache.catalina.startup.HostConfig.deployDescriptor Deploying deployment descriptor [C:\Users\pc\IdeaProjects\course\full-stack-bootcamp-spring-angular-weekly-tasks-OlaGhoneim\SpringSecurityDemo\conf\Catalina\localhost\ROOT.xml]
02-May-2026 17:05:36.618 WARNING [main] org.apache.catalina.webresources.DirResourceSet.initInternal Disabled the global canonical file name cache to protect against CVE-2024-56337 when starting the WebResourceSet at [C:\Users\pc\Downloads\LoginApp\out\production\LoginApp] which is part of the web application []
02-May-2026 17:05:37.759 INFO [main] org.apache.jasper.servlet.TldScanner.scanJars At least one JAR was scanned for TLDs yet contained no TLDs. Enable debug logging for this logger for a complete list of JARs that were scanned but no TLDs were found in them. Skipping unneeded JARs during scanning can improve startup time and JSP compilation time.
02-May-2026 17:05:38.039 WARNING [main] org.apache.catalina.util.SessionIdGeneratorBase.createSecureRandom Creation of SecureRandom instance for session ID generation using [SHA1PRNG] took [246] milliseconds.
02-May-2026 17:05:38.050 INFO [main] org.apache.catalina.startup.HostConfig.deployDescriptor Deployment of deployment descriptor [C:\Users\pc\IdeaProjects\course\full-stack-bootcamp-spring-angular-weekly-tasks-OlaGhoneim\SpringSecurityDemo\conf\Catalina\localhost\ROOT.xml] has finished in [1,467] ms
02-May-2026 17:05:38.050 INFO [main] org.apache.catalina.startup.HostConfig.deployDescriptor Deploying deployment descriptor [C:\Users\pc\IdeaProjects\course\full-stack-bootcamp-spring-angular-weekly-tasks-OlaGhoneim\SpringSecurityDemo\conf\Catalina\localhost\SpringSecurityDemo.xml]
02-May-2026 17:05:38.920 INFO [main] org.apache.jasper.servlet.TldScanner.scanJars At least one JAR was scanned for TLDs yet contained no TLDs. Enable debug logging for this logger for a complete list of JARs that were scanned but no TLDs were found in them. Skipping unneeded JARs during scanning can improve startup time and JSP compilation time.
02-May-2026 17:05:39.068 INFO [main] org.springframework.web.servlet.FrameworkServlet.initServletBean Initializing Servlet 'dispatcher'
02-May-2026 17:05:39.953 INFO [main] org.springframework.security.web.DefaultSecurityFilterChain.<init> Will secure any request with [org.springframework.security.web.session.DisableEncodeUrlFilter@4a3d4cd2, org.springframework.security.web.context.request.async.WebAsyncManagerIntegrationFilter@6f66ab8f, org.springframework.security.web.context.SecurityContextPersistenceFilter@7beb2bc2, org.springframework.security.web.header.HeaderWriterFilter@67231d8d, org.springframework.security.web.csrf.CsrfFilter@1aac520e, org.springframework.security.web.authentication.logout.LogoutFilter@5ab45d66, org.springframework.security.web.savedrequest.RequestCacheAwareFilter@298990ab, org.springframework.security.web.servletapi.SecurityContextHolderAwareRequestFilter@33c6c4f, org.springframework.security.web.authentication.AnonymousAuthenticationFilter@2746b1cc, org.springframework.security.web.session.SessionManagementFilter@4d099a37, org.springframework.security.web.access.ExceptionTranslationFilter@5679e464, org.springframework.security.web.access.intercept.FilterSecurityInterceptor@45b7b254]
02-May-2026 17:05:40.259 INFO [main] org.springframework.web.servlet.FrameworkServlet.initServletBean Completed initialization in 1190 ms
02-May-2026 17:05:40.260 INFO [main] org.apache.catalina.startup.HostConfig.deployDescriptor Deployment of deployment descriptor [C:\Users\pc\IdeaProjects\course\full-stack-bootcamp-spring-angular-weekly-tasks-OlaGhoneim\SpringSecurityDemo\conf\Catalina\localhost\SpringSecurityDemo.xml] has finished in [2,210] ms
02-May-2026 17:05:40.263 INFO [main] org.apache.coyote.AbstractProtocol.start Starting ProtocolHandler ["http-nio-8080"]
02-May-2026 17:05:40.271 INFO [main] org.apache.catalina.startup.Catalina.start Server startup in [3714] milliseconds
02-May-2026 17:06:29.210 INFO [Thread-2] org.apache.coyote.AbstractProtocol.pause Pausing ProtocolHandler ["http-nio-8080"]
02-May-2026 17:06:29.468 INFO [Thread-2] org.apache.catalina.core.StandardService.stopInternal Stopping service [Catalina]
02-May-2026 17:06:29.481 INFO [Thread-2] org.apache.coyote.AbstractProtocol.stop Stopping ProtocolHandler ["http-nio-8080"]
02-May-2026 17:06:29.502 INFO [Thread-2] org.apache.coyote.AbstractProtocol.destroy Destroying ProtocolHandler ["http-nio-8080"]
